[     615ms] [WARNING] <link rel=preload> uses an unsupported `as` value @ https://www.aaabadcode.com/_next/static/chunks/app/page-614a90091b672a2f.js?dpl=dpl_CuwhhXXUgfyiZVnwPvQStgD28tqw:0
[    1561ms] [LOG] DataFast: pageview tracked successfully @ https://datafa.st/js/script.js:0
[   32608ms] [LOG] DataFast: pageview tracked successfully @ https://datafa.st/js/script.js:0
[   32892ms] [LOG] Tool call: getProjects @ https://www.aaabadcode.com/_next/static/chunks/app/chat/page-825dbf9a0d4d7c3e.js?dpl=dpl_CuwhhXXUgfyiZVnwPvQStgD28tqw:0
[   33159ms] [LOG] currentTool [Object] @ https://www.aaabadcode.com/_next/static/chunks/app/chat/page-825dbf9a0d4d7c3e.js?dpl=dpl_CuwhhXXUgfyiZVnwPvQStgD28tqw:0
[   33161ms] [LOG] {category: Startup Project, title: Synto, src: /syntopreview.png, content: Object} @ https://www.aaabadcode.com/_next/static/chunks/app/chat/page-825dbf9a0d4d7c3e.js?dpl=dpl_CuwhhXXUgfyiZVnwPvQStgD28tqw:0
[   33791ms] [LOG] currentTool [Object] @ https://www.aaabadcode.com/_next/static/chunks/app/chat/page-825dbf9a0d4d7c3e.js?dpl=dpl_CuwhhXXUgfyiZVnwPvQStgD28tqw:0
[   33791ms] [LOG] {category: Startup Project, title: Synto, src: /syntopreview.png, content: Object} @ https://www.aaabadcode.com/_next/static/chunks/app/chat/page-825dbf9a0d4d7c3e.js?dpl=dpl_CuwhhXXUgfyiZVnwPvQStgD28tqw:0
[   33821ms] [LOG] currentTool [Object] @ https://www.aaabadcode.com/_next/static/chunks/app/chat/page-825dbf9a0d4d7c3e.js?dpl=dpl_CuwhhXXUgfyiZVnwPvQStgD28tqw:0
[   33822ms] [LOG] {category: Startup Project, title: Synto, src: /syntopreview.png, content: Object} @ https://www.aaabadcode.com/_next/static/chunks/app/chat/page-825dbf9a0d4d7c3e.js?dpl=dpl_CuwhhXXUgfyiZVnwPvQStgD28tqw:0
[   33828ms] [LOG] currentTool [Object] @ https://www.aaabadcode.com/_next/static/chunks/app/chat/page-825dbf9a0d4d7c3e.js?dpl=dpl_CuwhhXXUgfyiZVnwPvQStgD28tqw:0
[   33828ms] [LOG] {category: Startup Project, title: Synto, src: /syntopreview.png, content: Object} @ https://www.aaabadcode.com/_next/static/chunks/app/chat/page-825dbf9a0d4d7c3e.js?dpl=dpl_CuwhhXXUgfyiZVnwPvQStgD28tqw:0
[   33834ms] [LOG] currentTool [Object] @ https://www.aaabadcode.com/_next/static/chunks/app/chat/page-825dbf9a0d4d7c3e.js?dpl=dpl_CuwhhXXUgfyiZVnwPvQStgD28tqw:0
[   33834ms] [LOG] {category: Startup Project, title: Synto, src: /syntopreview.png, content: Object} @ https://www.aaabadcode.com/_next/static/chunks/app/chat/page-825dbf9a0d4d7c3e.js?dpl=dpl_CuwhhXXUgfyiZVnwPvQStgD28tqw:0
[   33844ms] [LOG] currentTool [Object] @ https://www.aaabadcode.com/_next/static/chunks/app/chat/page-825dbf9a0d4d7c3e.js?dpl=dpl_CuwhhXXUgfyiZVnwPvQStgD28tqw:0
[   33845ms] [LOG] {category: Startup Project, title: Synto, src: /syntopreview.png, content: Object} @ https://www.aaabadcode.com/_next/static/chunks/app/chat/page-825dbf9a0d4d7c3e.js?dpl=dpl_CuwhhXXUgfyiZVnwPvQStgD28tqw:0
[   33854ms] [LOG] currentTool [Object] @ https://www.aaabadcode.com/_next/static/chunks/app/chat/page-825dbf9a0d4d7c3e.js?dpl=dpl_CuwhhXXUgfyiZVnwPvQStgD28tqw:0
[   33854ms] [LOG] {category: Startup Project, title: Synto, src: /syntopreview.png, content: Object} @ https://www.aaabadcode.com/_next/static/chunks/app/chat/page-825dbf9a0d4d7c3e.js?dpl=dpl_CuwhhXXUgfyiZVnwPvQStgD28tqw:0
[   33862ms] [LOG] currentTool [Object] @ https://www.aaabadcode.com/_next/static/chunks/app/chat/page-825dbf9a0d4d7c3e.js?dpl=dpl_CuwhhXXUgfyiZVnwPvQStgD28tqw:0
[   33862ms] [LOG] {category: Startup Project, title: Synto, src: /syntopreview.png, content: Object} @ https://www.aaabadcode.com/_next/static/chunks/app/chat/page-825dbf9a0d4d7c3e.js?dpl=dpl_CuwhhXXUgfyiZVnwPvQStgD28tqw:0
[   33869ms] [LOG] currentTool [Object] @ https://www.aaabadcode.com/_next/static/chunks/app/chat/page-825dbf9a0d4d7c3e.js?dpl=dpl_CuwhhXXUgfyiZVnwPvQStgD28tqw:0
[   33869ms] [LOG] {category: Startup Project, title: Synto, src: /syntopreview.png, content: Object} @ https://www.aaabadcode.com/_next/static/chunks/app/chat/page-825dbf9a0d4d7c3e.js?dpl=dpl_CuwhhXXUgfyiZVnwPvQStgD28tqw:0
[   33879ms] [LOG] currentTool [Object] @ https://www.aaabadcode.com/_next/static/chunks/app/chat/page-825dbf9a0d4d7c3e.js?dpl=dpl_CuwhhXXUgfyiZVnwPvQStgD28tqw:0
[   33880ms] [LOG] {category: Startup Project, title: Synto, src: /syntopreview.png, content: Object} @ https://www.aaabadcode.com/_next/static/chunks/app/chat/page-825dbf9a0d4d7c3e.js?dpl=dpl_CuwhhXXUgfyiZVnwPvQStgD28tqw:0
[   33889ms] [LOG] currentTool [Object] @ https://www.aaabadcode.com/_next/static/chunks/app/chat/page-825dbf9a0d4d7c3e.js?dpl=dpl_CuwhhXXUgfyiZVnwPvQStgD28tqw:0
[   33889ms] [LOG] {category: Startup Project, title: Synto, src: /syntopreview.png, content: Object} @ https://www.aaabadcode.com/_next/static/chunks/app/chat/page-825dbf9a0d4d7c3e.js?dpl=dpl_CuwhhXXUgfyiZVnwPvQStgD28tqw:0
[   33906ms] [LOG] currentTool [Object] @ https://www.aaabadcode.com/_next/static/chunks/app/chat/page-825dbf9a0d4d7c3e.js?dpl=dpl_CuwhhXXUgfyiZVnwPvQStgD28tqw:0
[   33906ms] [LOG] {category: Startup Project, title: Synto, src: /syntopreview.png, content: Object} @ https://www.aaabadcode.com/_next/static/chunks/app/chat/page-825dbf9a0d4d7c3e.js?dpl=dpl_CuwhhXXUgfyiZVnwPvQStgD28tqw:0
[   33911ms] [LOG] currentTool [Object] @ https://www.aaabadcode.com/_next/static/chunks/app/chat/page-825dbf9a0d4d7c3e.js?dpl=dpl_CuwhhXXUgfyiZVnwPvQStgD28tqw:0
[   33911ms] [LOG] {category: Startup Project, title: Synto, src: /syntopreview.png, content: Object} @ https://www.aaabadcode.com/_next/static/chunks/app/chat/page-825dbf9a0d4d7c3e.js?dpl=dpl_CuwhhXXUgfyiZVnwPvQStgD28tqw:0
[   33978ms] [LOG] currentTool [Object] @ https://www.aaabadcode.com/_next/static/chunks/app/chat/page-825dbf9a0d4d7c3e.js?dpl=dpl_CuwhhXXUgfyiZVnwPvQStgD28tqw:0
[   33978ms] [LOG] {category: Startup Project, title: Synto, src: /syntopreview.png, content: Object} @ https://www.aaabadcode.com/_next/static/chunks/app/chat/page-825dbf9a0d4d7c3e.js?dpl=dpl_CuwhhXXUgfyiZVnwPvQStgD28tqw:0
[   33983ms] [LOG] currentTool [Object] @ https://www.aaabadcode.com/_next/static/chunks/app/chat/page-825dbf9a0d4d7c3e.js?dpl=dpl_CuwhhXXUgfyiZVnwPvQStgD28tqw:0
[   33984ms] [LOG] {category: Startup Project, title: Synto, src: /syntopreview.png, content: Object} @ https://www.aaabadcode.com/_next/static/chunks/app/chat/page-825dbf9a0d4d7c3e.js?dpl=dpl_CuwhhXXUgfyiZVnwPvQStgD28tqw:0
[   33991ms] [LOG] currentTool [Object] @ https://www.aaabadcode.com/_next/static/chunks/app/chat/page-825dbf9a0d4d7c3e.js?dpl=dpl_CuwhhXXUgfyiZVnwPvQStgD28tqw:0
[   33992ms] [LOG] {category: Startup Project, title: Synto, src: /syntopreview.png, content: Object} @ https://www.aaabadcode.com/_next/static/chunks/app/chat/page-825dbf9a0d4d7c3e.js?dpl=dpl_CuwhhXXUgfyiZVnwPvQStgD28tqw:0
[   33995ms] [LOG] currentTool [Object] @ https://www.aaabadcode.com/_next/static/chunks/app/chat/page-825dbf9a0d4d7c3e.js?dpl=dpl_CuwhhXXUgfyiZVnwPvQStgD28tqw:0
[   33995ms] [LOG] {category: Startup Project, title: Synto, src: /syntopreview.png, content: Object} @ https://www.aaabadcode.com/_next/static/chunks/app/chat/page-825dbf9a0d4d7c3e.js?dpl=dpl_CuwhhXXUgfyiZVnwPvQStgD28tqw:0
[   34002ms] [LOG] currentTool [Object] @ https://www.aaabadcode.com/_next/static/chunks/app/chat/page-825dbf9a0d4d7c3e.js?dpl=dpl_CuwhhXXUgfyiZVnwPvQStgD28tqw:0
[   34002ms] [LOG] {category: Startup Project, title: Synto, src: /syntopreview.png, content: Object} @ https://www.aaabadcode.com/_next/static/chunks/app/chat/page-825dbf9a0d4d7c3e.js?dpl=dpl_CuwhhXXUgfyiZVnwPvQStgD28tqw:0
[   34005ms] [LOG] currentTool [Object] @ https://www.aaabadcode.com/_next/static/chunks/app/chat/page-825dbf9a0d4d7c3e.js?dpl=dpl_CuwhhXXUgfyiZVnwPvQStgD28tqw:0
[   34005ms] [LOG] {category: Startup Project, title: Synto, src: /syntopreview.png, content: Object} @ https://www.aaabadcode.com/_next/static/chunks/app/chat/page-825dbf9a0d4d7c3e.js?dpl=dpl_CuwhhXXUgfyiZVnwPvQStgD28tqw:0
[   34018ms] [LOG] currentTool [Object] @ https://www.aaabadcode.com/_next/static/chunks/app/chat/page-825dbf9a0d4d7c3e.js?dpl=dpl_CuwhhXXUgfyiZVnwPvQStgD28tqw:0
[   34018ms] [LOG] {category: Startup Project, title: Synto, src: /syntopreview.png, content: Object} @ https://www.aaabadcode.com/_next/static/chunks/app/chat/page-825dbf9a0d4d7c3e.js?dpl=dpl_CuwhhXXUgfyiZVnwPvQStgD28tqw:0
[   34023ms] [LOG] currentTool [Object] @ https://www.aaabadcode.com/_next/static/chunks/app/chat/page-825dbf9a0d4d7c3e.js?dpl=dpl_CuwhhXXUgfyiZVnwPvQStgD28tqw:0
[   34023ms] [LOG] {category: Startup Project, title: Synto, src: /syntopreview.png, content: Object} @ https://www.aaabadcode.com/_next/static/chunks/app/chat/page-825dbf9a0d4d7c3e.js?dpl=dpl_CuwhhXXUgfyiZVnwPvQStgD28tqw:0
[   34029ms] [LOG] currentTool [Object] @ https://www.aaabadcode.com/_next/static/chunks/app/chat/page-825dbf9a0d4d7c3e.js?dpl=dpl_CuwhhXXUgfyiZVnwPvQStgD28tqw:0
[   34029ms] [LOG] {category: Startup Project, title: Synto, src: /syntopreview.png, content: Object} @ https://www.aaabadcode.com/_next/static/chunks/app/chat/page-825dbf9a0d4d7c3e.js?dpl=dpl_CuwhhXXUgfyiZVnwPvQStgD28tqw:0
[   34033ms] [LOG] currentTool [Object] @ https://www.aaabadcode.com/_next/static/chunks/app/chat/page-825dbf9a0d4d7c3e.js?dpl=dpl_CuwhhXXUgfyiZVnwPvQStgD28tqw:0
[   34034ms] [LOG] {category: Startup Project, title: Synto, src: /syntopreview.png, content: Object} @ https://www.aaabadcode.com/_next/static/chunks/app/chat/page-825dbf9a0d4d7c3e.js?dpl=dpl_CuwhhXXUgfyiZVnwPvQStgD28tqw:0
[   34039ms] [LOG] currentTool [Object] @ https://www.aaabadcode.com/_next/static/chunks/app/chat/page-825dbf9a0d4d7c3e.js?dpl=dpl_CuwhhXXUgfyiZVnwPvQStgD28tqw:0
[   34040ms] [LOG] {category: Startup Project, title: Synto, src: /syntopreview.png, content: Object} @ https://www.aaabadcode.com/_next/static/chunks/app/chat/page-825dbf9a0d4d7c3e.js?dpl=dpl_CuwhhXXUgfyiZVnwPvQStgD28tqw:0
[   34049ms] [LOG] currentTool [Object] @ https://www.aaabadcode.com/_next/static/chunks/app/chat/page-825dbf9a0d4d7c3e.js?dpl=dpl_CuwhhXXUgfyiZVnwPvQStgD28tqw:0
[   34050ms] [LOG] {category: Startup Project, title: Synto, src: /syntopreview.png, content: Object} @ https://www.aaabadcode.com/_next/static/chunks/app/chat/page-825dbf9a0d4d7c3e.js?dpl=dpl_CuwhhXXUgfyiZVnwPvQStgD28tqw:0
[   34057ms] [LOG] currentTool [Object] @ https://www.aaabadcode.com/_next/static/chunks/app/chat/page-825dbf9a0d4d7c3e.js?dpl=dpl_CuwhhXXUgfyiZVnwPvQStgD28tqw:0
[   34057ms] [LOG] {category: Startup Project, title: Synto, src: /syntopreview.png, content: Object} @ https://www.aaabadcode.com/_next/static/chunks/app/chat/page-825dbf9a0d4d7c3e.js?dpl=dpl_CuwhhXXUgfyiZVnwPvQStgD28tqw:0
[   34064ms] [LOG] currentTool [Object] @ https://www.aaabadcode.com/_next/static/chunks/app/chat/page-825dbf9a0d4d7c3e.js?dpl=dpl_CuwhhXXUgfyiZVnwPvQStgD28tqw:0
[   34065ms] [LOG] {category: Startup Project, title: Synto, src: /syntopreview.png, content: Object} @ https://www.aaabadcode.com/_next/static/chunks/app/chat/page-825dbf9a0d4d7c3e.js?dpl=dpl_CuwhhXXUgfyiZVnwPvQStgD28tqw:0
[   34083ms] [LOG] currentTool [Object] @ https://www.aaabadcode.com/_next/static/chunks/app/chat/page-825dbf9a0d4d7c3e.js?dpl=dpl_CuwhhXXUgfyiZVnwPvQStgD28tqw:0
[   34084ms] [LOG] {category: Startup Project, title: Synto, src: /syntopreview.png, content: Object} @ https://www.aaabadcode.com/_next/static/chunks/app/chat/page-825dbf9a0d4d7c3e.js?dpl=dpl_CuwhhXXUgfyiZVnwPvQStgD28tqw:0
[   34092ms] [LOG] currentTool [Object] @ https://www.aaabadcode.com/_next/static/chunks/app/chat/page-825dbf9a0d4d7c3e.js?dpl=dpl_CuwhhXXUgfyiZVnwPvQStgD28tqw:0
[   34092ms] [LOG] {category: Startup Project, title: Synto, src: /syntopreview.png, content: Object} @ https://www.aaabadcode.com/_next/static/chunks/app/chat/page-825dbf9a0d4d7c3e.js?dpl=dpl_CuwhhXXUgfyiZVnwPvQStgD28tqw:0
[   34148ms] [LOG] currentTool [Object] @ https://www.aaabadcode.com/_next/static/chunks/app/chat/page-825dbf9a0d4d7c3e.js?dpl=dpl_CuwhhXXUgfyiZVnwPvQStgD28tqw:0
[   34149ms] [LOG] {category: Startup Project, title: Synto, src: /syntopreview.png, content: Object} @ https://www.aaabadcode.com/_next/static/chunks/app/chat/page-825dbf9a0d4d7c3e.js?dpl=dpl_CuwhhXXUgfyiZVnwPvQStgD28tqw:0
[   34151ms] [LOG] currentTool [Object] @ https://www.aaabadcode.com/_next/static/chunks/app/chat/page-825dbf9a0d4d7c3e.js?dpl=dpl_CuwhhXXUgfyiZVnwPvQStgD28tqw:0
[   34152ms] [LOG] {category: Startup Project, title: Synto, src: /syntopreview.png, content: Object} @ https://www.aaabadcode.com/_next/static/chunks/app/chat/page-825dbf9a0d4d7c3e.js?dpl=dpl_CuwhhXXUgfyiZVnwPvQStgD28tqw:0
[   34162ms] [LOG] currentTool [Object] @ https://www.aaabadcode.com/_next/static/chunks/app/chat/page-825dbf9a0d4d7c3e.js?dpl=dpl_CuwhhXXUgfyiZVnwPvQStgD28tqw:0
[   34162ms] [LOG] {category: Startup Project, title: Synto, src: /syntopreview.png, content: Object} @ https://www.aaabadcode.com/_next/static/chunks/app/chat/page-825dbf9a0d4d7c3e.js?dpl=dpl_CuwhhXXUgfyiZVnwPvQStgD28tqw:0
[   34167ms] [LOG] currentTool [Object] @ https://www.aaabadcode.com/_next/static/chunks/app/chat/page-825dbf9a0d4d7c3e.js?dpl=dpl_CuwhhXXUgfyiZVnwPvQStgD28tqw:0
[   34167ms] [LOG] {category: Startup Project, title: Synto, src: /syntopreview.png, content: Object} @ https://www.aaabadcode.com/_next/static/chunks/app/chat/page-825dbf9a0d4d7c3e.js?dpl=dpl_CuwhhXXUgfyiZVnwPvQStgD28tqw:0
[   34180ms] [LOG] currentTool [Object] @ https://www.aaabadcode.com/_next/static/chunks/app/chat/page-825dbf9a0d4d7c3e.js?dpl=dpl_CuwhhXXUgfyiZVnwPvQStgD28tqw:0
[   34181ms] [LOG] {category: Startup Project, title: Synto, src: /syntopreview.png, content: Object} @ https://www.aaabadcode.com/_next/static/chunks/app/chat/page-825dbf9a0d4d7c3e.js?dpl=dpl_CuwhhXXUgfyiZVnwPvQStgD28tqw:0
[   34193ms] [LOG] currentTool [Object] @ https://www.aaabadcode.com/_next/static/chunks/app/chat/page-825dbf9a0d4d7c3e.js?dpl=dpl_CuwhhXXUgfyiZVnwPvQStgD28tqw:0
[   34193ms] [LOG] {category: Startup Project, title: Synto, src: /syntopreview.png, content: Object} @ https://www.aaabadcode.com/_next/static/chunks/app/chat/page-825dbf9a0d4d7c3e.js?dpl=dpl_CuwhhXXUgfyiZVnwPvQStgD28tqw:0
[   34197ms] [LOG] currentTool [Object] @ https://www.aaabadcode.com/_next/static/chunks/app/chat/page-825dbf9a0d4d7c3e.js?dpl=dpl_CuwhhXXUgfyiZVnwPvQStgD28tqw:0
[   34198ms] [LOG] {category: Startup Project, title: Synto, src: /syntopreview.png, content: Object} @ https://www.aaabadcode.com/_next/static/chunks/app/chat/page-825dbf9a0d4d7c3e.js?dpl=dpl_CuwhhXXUgfyiZVnwPvQStgD28tqw:0
[   34202ms] [LOG] currentTool [Object] @ https://www.aaabadcode.com/_next/static/chunks/app/chat/page-825dbf9a0d4d7c3e.js?dpl=dpl_CuwhhXXUgfyiZVnwPvQStgD28tqw:0
[   34202ms] [LOG] {category: Startup Project, title: Synto, src: /syntopreview.png, content: Object} @ https://www.aaabadcode.com/_next/static/chunks/app/chat/page-825dbf9a0d4d7c3e.js?dpl=dpl_CuwhhXXUgfyiZVnwPvQStgD28tqw:0
[   34210ms] [LOG] currentTool [Object] @ https://www.aaabadcode.com/_next/static/chunks/app/chat/page-825dbf9a0d4d7c3e.js?dpl=dpl_CuwhhXXUgfyiZVnwPvQStgD28tqw:0
[   34210ms] [LOG] {category: Startup Project, title: Synto, src: /syntopreview.png, content: Object} @ https://www.aaabadcode.com/_next/static/chunks/app/chat/page-825dbf9a0d4d7c3e.js?dpl=dpl_CuwhhXXUgfyiZVnwPvQStgD28tqw:0
[   34239ms] [LOG] currentTool [Object] @ https://www.aaabadcode.com/_next/static/chunks/app/chat/page-825dbf9a0d4d7c3e.js?dpl=dpl_CuwhhXXUgfyiZVnwPvQStgD28tqw:0
[   34239ms] [LOG] {category: Startup Project, title: Synto, src: /syntopreview.png, content: Object} @ https://www.aaabadcode.com/_next/static/chunks/app/chat/page-825dbf9a0d4d7c3e.js?dpl=dpl_CuwhhXXUgfyiZVnwPvQStgD28tqw:0
[   34245ms] [LOG] currentTool [Object] @ https://www.aaabadcode.com/_next/static/chunks/app/chat/page-825dbf9a0d4d7c3e.js?dpl=dpl_CuwhhXXUgfyiZVnwPvQStgD28tqw:0
[   34245ms] [LOG] {category: Startup Project, title: Synto, src: /syntopreview.png, content: Object} @ https://www.aaabadcode.com/_next/static/chunks/app/chat/page-825dbf9a0d4d7c3e.js?dpl=dpl_CuwhhXXUgfyiZVnwPvQStgD28tqw:0
[   34254ms] [LOG] currentTool [Object] @ https://www.aaabadcode.com/_next/static/chunks/app/chat/page-825dbf9a0d4d7c3e.js?dpl=dpl_CuwhhXXUgfyiZVnwPvQStgD28tqw:0
[   34254ms] [LOG] {category: Startup Project, title: Synto, src: /syntopreview.png, content: Object} @ https://www.aaabadcode.com/_next/static/chunks/app/chat/page-825dbf9a0d4d7c3e.js?dpl=dpl_CuwhhXXUgfyiZVnwPvQStgD28tqw:0
[   34263ms] [LOG] currentTool [Object] @ https://www.aaabadcode.com/_next/static/chunks/app/chat/page-825dbf9a0d4d7c3e.js?dpl=dpl_CuwhhXXUgfyiZVnwPvQStgD28tqw:0
[   34263ms] [LOG] {category: Startup Project, title: Synto, src: /syntopreview.png, content: Object} @ https://www.aaabadcode.com/_next/static/chunks/app/chat/page-825dbf9a0d4d7c3e.js?dpl=dpl_CuwhhXXUgfyiZVnwPvQStgD28tqw:0
[   34274ms] [LOG] currentTool [Object] @ https://www.aaabadcode.com/_next/static/chunks/app/chat/page-825dbf9a0d4d7c3e.js?dpl=dpl_CuwhhXXUgfyiZVnwPvQStgD28tqw:0
[   34274ms] [LOG] {category: Startup Project, title: Synto, src: /syntopreview.png, content: Object} @ https://www.aaabadcode.com/_next/static/chunks/app/chat/page-825dbf9a0d4d7c3e.js?dpl=dpl_CuwhhXXUgfyiZVnwPvQStgD28tqw:0
[   34286ms] [LOG] currentTool [Object] @ https://www.aaabadcode.com/_next/static/chunks/app/chat/page-825dbf9a0d4d7c3e.js?dpl=dpl_CuwhhXXUgfyiZVnwPvQStgD28tqw:0
[   34286ms] [LOG] {category: Startup Project, title: Synto, src: /syntopreview.png, content: Object} @ https://www.aaabadcode.com/_next/static/chunks/app/chat/page-825dbf9a0d4d7c3e.js?dpl=dpl_CuwhhXXUgfyiZVnwPvQStgD28tqw:0
[   34294ms] [LOG] currentTool [Object] @ https://www.aaabadcode.com/_next/static/chunks/app/chat/page-825dbf9a0d4d7c3e.js?dpl=dpl_CuwhhXXUgfyiZVnwPvQStgD28tqw:0
[   34294ms] [LOG] {category: Startup Project, title: Synto, src: /syntopreview.png, content: Object} @ https://www.aaabadcode.com/_next/static/chunks/app/chat/page-825dbf9a0d4d7c3e.js?dpl=dpl_CuwhhXXUgfyiZVnwPvQStgD28tqw:0
[   34308ms] [LOG] currentTool [Object] @ https://www.aaabadcode.com/_next/static/chunks/app/chat/page-825dbf9a0d4d7c3e.js?dpl=dpl_CuwhhXXUgfyiZVnwPvQStgD28tqw:0
[   34309ms] [LOG] {category: Startup Project, title: Synto, src: /syntopreview.png, content: Object} @ https://www.aaabadcode.com/_next/static/chunks/app/chat/page-825dbf9a0d4d7c3e.js?dpl=dpl_CuwhhXXUgfyiZVnwPvQStgD28tqw:0
[   34315ms] [LOG] currentTool [Object] @ https://www.aaabadcode.com/_next/static/chunks/app/chat/page-825dbf9a0d4d7c3e.js?dpl=dpl_CuwhhXXUgfyiZVnwPvQStgD28tqw:0
[   34315ms] [LOG] {category: Startup Project, title: Synto, src: /syntopreview.png, content: Object} @ https://www.aaabadcode.com/_next/static/chunks/app/chat/page-825dbf9a0d4d7c3e.js?dpl=dpl_CuwhhXXUgfyiZVnwPvQStgD28tqw:0
[   34323ms] [LOG] currentTool [Object] @ https://www.aaabadcode.com/_next/static/chunks/app/chat/page-825dbf9a0d4d7c3e.js?dpl=dpl_CuwhhXXUgfyiZVnwPvQStgD28tqw:0
[   34323ms] [LOG] {category: Startup Project, title: Synto, src: /syntopreview.png, content: Object} @ https://www.aaabadcode.com/_next/static/chunks/app/chat/page-825dbf9a0d4d7c3e.js?dpl=dpl_CuwhhXXUgfyiZVnwPvQStgD28tqw:0
[   34333ms] [LOG] currentTool [Object] @ https://www.aaabadcode.com/_next/static/chunks/app/chat/page-825dbf9a0d4d7c3e.js?dpl=dpl_CuwhhXXUgfyiZVnwPvQStgD28tqw:0
[   34333ms] [LOG] {category: Startup Project, title: Synto, src: /syntopreview.png, content: Object} @ https://www.aaabadcode.com/_next/static/chunks/app/chat/page-825dbf9a0d4d7c3e.js?dpl=dpl_CuwhhXXUgfyiZVnwPvQStgD28tqw:0
[   34338ms] [LOG] currentTool [Object] @ https://www.aaabadcode.com/_next/static/chunks/app/chat/page-825dbf9a0d4d7c3e.js?dpl=dpl_CuwhhXXUgfyiZVnwPvQStgD28tqw:0
[   34339ms] [LOG] {category: Startup Project, title: Synto, src: /syntopreview.png, content: Object} @ https://www.aaabadcode.com/_next/static/chunks/app/chat/page-825dbf9a0d4d7c3e.js?dpl=dpl_CuwhhXXUgfyiZVnwPvQStgD28tqw:0
[   34351ms] [LOG] currentTool [Object] @ https://www.aaabadcode.com/_next/static/chunks/app/chat/page-825dbf9a0d4d7c3e.js?dpl=dpl_CuwhhXXUgfyiZVnwPvQStgD28tqw:0
[   34351ms] [LOG] {category: Startup Project, title: Synto, src: /syntopreview.png, content: Object} @ https://www.aaabadcode.com/_next/static/chunks/app/chat/page-825dbf9a0d4d7c3e.js?dpl=dpl_CuwhhXXUgfyiZVnwPvQStgD28tqw:0
[   34354ms] [LOG] currentTool [Object] @ https://www.aaabadcode.com/_next/static/chunks/app/chat/page-825dbf9a0d4d7c3e.js?dpl=dpl_CuwhhXXUgfyiZVnwPvQStgD28tqw:0
[   34355ms] [LOG] {category: Startup Project, title: Synto, src: /syntopreview.png, content: Object} @ https://www.aaabadcode.com/_next/static/chunks/app/chat/page-825dbf9a0d4d7c3e.js?dpl=dpl_CuwhhXXUgfyiZVnwPvQStgD28tqw:0
[   34359ms] [LOG] currentTool [Object] @ https://www.aaabadcode.com/_next/static/chunks/app/chat/page-825dbf9a0d4d7c3e.js?dpl=dpl_CuwhhXXUgfyiZVnwPvQStgD28tqw:0
[   34359ms] [LOG] {category: Startup Project, title: Synto, src: /syntopreview.png, content: Object} @ https://www.aaabadcode.com/_next/static/chunks/app/chat/page-825dbf9a0d4d7c3e.js?dpl=dpl_CuwhhXXUgfyiZVnwPvQStgD28tqw:0
[   34364ms] [LOG] currentTool [Object] @ https://www.aaabadcode.com/_next/static/chunks/app/chat/page-825dbf9a0d4d7c3e.js?dpl=dpl_CuwhhXXUgfyiZVnwPvQStgD28tqw:0
[   34364ms] [LOG] {category: Startup Project, title: Synto, src: /syntopreview.png, content: Object} @ https://www.aaabadcode.com/_next/static/chunks/app/chat/page-825dbf9a0d4d7c3e.js?dpl=dpl_CuwhhXXUgfyiZVnwPvQStgD28tqw:0
[   34383ms] [LOG] currentTool [Object] @ https://www.aaabadcode.com/_next/static/chunks/app/chat/page-825dbf9a0d4d7c3e.js?dpl=dpl_CuwhhXXUgfyiZVnwPvQStgD28tqw:0
[   34384ms] [LOG] {category: Startup Project, title: Synto, src: /syntopreview.png, content: Object} @ https://www.aaabadcode.com/_next/static/chunks/app/chat/page-825dbf9a0d4d7c3e.js?dpl=dpl_CuwhhXXUgfyiZVnwPvQStgD28tqw:0
[   34423ms] [LOG] currentTool [Object] @ https://www.aaabadcode.com/_next/static/chunks/app/chat/page-825dbf9a0d4d7c3e.js?dpl=dpl_CuwhhXXUgfyiZVnwPvQStgD28tqw:0
[   34424ms] [LOG] {category: Startup Project, title: Synto, src: /syntopreview.png, content: Object} @ https://www.aaabadcode.com/_next/static/chunks/app/chat/page-825dbf9a0d4d7c3e.js?dpl=dpl_CuwhhXXUgfyiZVnwPvQStgD28tqw:0
[   34430ms] [LOG] currentTool [Object] @ https://www.aaabadcode.com/_next/static/chunks/app/chat/page-825dbf9a0d4d7c3e.js?dpl=dpl_CuwhhXXUgfyiZVnwPvQStgD28tqw:0
[   34430ms] [LOG] {category: Startup Project, title: Synto, src: /syntopreview.png, content: Object} @ https://www.aaabadcode.com/_next/static/chunks/app/chat/page-825dbf9a0d4d7c3e.js?dpl=dpl_CuwhhXXUgfyiZVnwPvQStgD28tqw:0
[   34454ms] [LOG] currentTool [Object] @ https://www.aaabadcode.com/_next/static/chunks/app/chat/page-825dbf9a0d4d7c3e.js?dpl=dpl_CuwhhXXUgfyiZVnwPvQStgD28tqw:0
[   34454ms] [LOG] {category: Startup Project, title: Synto, src: /syntopreview.png, content: Object} @ https://www.aaabadcode.com/_next/static/chunks/app/chat/page-825dbf9a0d4d7c3e.js?dpl=dpl_CuwhhXXUgfyiZVnwPvQStgD28tqw:0
[   34470ms] [LOG] currentTool [Object] @ https://www.aaabadcode.com/_next/static/chunks/app/chat/page-825dbf9a0d4d7c3e.js?dpl=dpl_CuwhhXXUgfyiZVnwPvQStgD28tqw:0
[   34470ms] [LOG] {category: Startup Project, title: Synto, src: /syntopreview.png, content: Object} @ https://www.aaabadcode.com/_next/static/chunks/app/chat/page-825dbf9a0d4d7c3e.js?dpl=dpl_CuwhhXXUgfyiZVnwPvQStgD28tqw:0
[   34484ms] [LOG] currentTool [Object] @ https://www.aaabadcode.com/_next/static/chunks/app/chat/page-825dbf9a0d4d7c3e.js?dpl=dpl_CuwhhXXUgfyiZVnwPvQStgD28tqw:0
[   34484ms] [LOG] {category: Startup Project, title: Synto, src: /syntopreview.png, content: Object} @ https://www.aaabadcode.com/_next/static/chunks/app/chat/page-825dbf9a0d4d7c3e.js?dpl=dpl_CuwhhXXUgfyiZVnwPvQStgD28tqw:0
[   34489ms] [LOG] currentTool [Object] @ https://www.aaabadcode.com/_next/static/chunks/app/chat/page-825dbf9a0d4d7c3e.js?dpl=dpl_CuwhhXXUgfyiZVnwPvQStgD28tqw:0
[   34490ms] [LOG] {category: Startup Project, title: Synto, src: /syntopreview.png, content: Object} @ https://www.aaabadcode.com/_next/static/chunks/app/chat/page-825dbf9a0d4d7c3e.js?dpl=dpl_CuwhhXXUgfyiZVnwPvQStgD28tqw:0
[   34501ms] [LOG] currentTool [Object] @ https://www.aaabadcode.com/_next/static/chunks/app/chat/page-825dbf9a0d4d7c3e.js?dpl=dpl_CuwhhXXUgfyiZVnwPvQStgD28tqw:0
[   34501ms] [LOG] {category: Startup Project, title: Synto, src: /syntopreview.png, content: Object} @ https://www.aaabadcode.com/_next/static/chunks/app/chat/page-825dbf9a0d4d7c3e.js?dpl=dpl_CuwhhXXUgfyiZVnwPvQStgD28tqw:0
[   34515ms] [LOG] currentTool [Object] @ https://www.aaabadcode.com/_next/static/chunks/app/chat/page-825dbf9a0d4d7c3e.js?dpl=dpl_CuwhhXXUgfyiZVnwPvQStgD28tqw:0
[   34515ms] [LOG] {category: Startup Project, title: Synto, src: /syntopreview.png, content: Object} @ https://www.aaabadcode.com/_next/static/chunks/app/chat/page-825dbf9a0d4d7c3e.js?dpl=dpl_CuwhhXXUgfyiZVnwPvQStgD28tqw:0
[   34522ms] [LOG] currentTool [Object] @ https://www.aaabadcode.com/_next/static/chunks/app/chat/page-825dbf9a0d4d7c3e.js?dpl=dpl_CuwhhXXUgfyiZVnwPvQStgD28tqw:0
[   34522ms] [LOG] {category: Startup Project, title: Synto, src: /syntopreview.png, content: Object} @ https://www.aaabadcode.com/_next/static/chunks/app/chat/page-825dbf9a0d4d7c3e.js?dpl=dpl_CuwhhXXUgfyiZVnwPvQStgD28tqw:0
[   34527ms] [LOG] currentTool [Object] @ https://www.aaabadcode.com/_next/static/chunks/app/chat/page-825dbf9a0d4d7c3e.js?dpl=dpl_CuwhhXXUgfyiZVnwPvQStgD28tqw:0
[   34528ms] [LOG] {category: Startup Project, title: Synto, src: /syntopreview.png, content: Object} @ https://www.aaabadcode.com/_next/static/chunks/app/chat/page-825dbf9a0d4d7c3e.js?dpl=dpl_CuwhhXXUgfyiZVnwPvQStgD28tqw:0
[   34547ms] [LOG] currentTool [Object] @ https://www.aaabadcode.com/_next/static/chunks/app/chat/page-825dbf9a0d4d7c3e.js?dpl=dpl_CuwhhXXUgfyiZVnwPvQStgD28tqw:0
[   34548ms] [LOG] {category: Startup Project, title: Synto, src: /syntopreview.png, content: Object} @ https://www.aaabadcode.com/_next/static/chunks/app/chat/page-825dbf9a0d4d7c3e.js?dpl=dpl_CuwhhXXUgfyiZVnwPvQStgD28tqw:0
[   34557ms] [LOG] currentTool [Object] @ https://www.aaabadcode.com/_next/static/chunks/app/chat/page-825dbf9a0d4d7c3e.js?dpl=dpl_CuwhhXXUgfyiZVnwPvQStgD28tqw:0
[   34557ms] [LOG] {category: Startup Project, title: Synto, src: /syntopreview.png, content: Object} @ https://www.aaabadcode.com/_next/static/chunks/app/chat/page-825dbf9a0d4d7c3e.js?dpl=dpl_CuwhhXXUgfyiZVnwPvQStgD28tqw:0
[   34568ms] [LOG] currentTool [Object] @ https://www.aaabadcode.com/_next/static/chunks/app/chat/page-825dbf9a0d4d7c3e.js?dpl=dpl_CuwhhXXUgfyiZVnwPvQStgD28tqw:0
[   34569ms] [LOG] {category: Startup Project, title: Synto, src: /syntopreview.png, content: Object} @ https://www.aaabadcode.com/_next/static/chunks/app/chat/page-825dbf9a0d4d7c3e.js?dpl=dpl_CuwhhXXUgfyiZVnwPvQStgD28tqw:0
[   34572ms] [LOG] currentTool [Object] @ https://www.aaabadcode.com/_next/static/chunks/app/chat/page-825dbf9a0d4d7c3e.js?dpl=dpl_CuwhhXXUgfyiZVnwPvQStgD28tqw:0
[   34572ms] [LOG] {category: Startup Project, title: Synto, src: /syntopreview.png, content: Object} @ https://www.aaabadcode.com/_next/static/chunks/app/chat/page-825dbf9a0d4d7c3e.js?dpl=dpl_CuwhhXXUgfyiZVnwPvQStgD28tqw:0
[   34599ms] [LOG] currentTool [Object] @ https://www.aaabadcode.com/_next/static/chunks/app/chat/page-825dbf9a0d4d7c3e.js?dpl=dpl_CuwhhXXUgfyiZVnwPvQStgD28tqw:0
[   34599ms] [LOG] {category: Startup Project, title: Synto, src: /syntopreview.png, content: Object} @ https://www.aaabadcode.com/_next/static/chunks/app/chat/page-825dbf9a0d4d7c3e.js?dpl=dpl_CuwhhXXUgfyiZVnwPvQStgD28tqw:0
[   34613ms] [LOG] currentTool [Object] @ https://www.aaabadcode.com/_next/static/chunks/app/chat/page-825dbf9a0d4d7c3e.js?dpl=dpl_CuwhhXXUgfyiZVnwPvQStgD28tqw:0
[   34613ms] [LOG] {category: Startup Project, title: Synto, src: /syntopreview.png, content: Object} @ https://www.aaabadcode.com/_next/static/chunks/app/chat/page-825dbf9a0d4d7c3e.js?dpl=dpl_CuwhhXXUgfyiZVnwPvQStgD28tqw:0
[   34617ms] [LOG] currentTool [Object] @ https://www.aaabadcode.com/_next/static/chunks/app/chat/page-825dbf9a0d4d7c3e.js?dpl=dpl_CuwhhXXUgfyiZVnwPvQStgD28tqw:0
[   34617ms] [LOG] {category: Startup Project, title: Synto, src: /syntopreview.png, content: Object} @ https://www.aaabadcode.com/_next/static/chunks/app/chat/page-825dbf9a0d4d7c3e.js?dpl=dpl_CuwhhXXUgfyiZVnwPvQStgD28tqw:0
[   34623ms] [LOG] currentTool [Object] @ https://www.aaabadcode.com/_next/static/chunks/app/chat/page-825dbf9a0d4d7c3e.js?dpl=dpl_CuwhhXXUgfyiZVnwPvQStgD28tqw:0
[   34624ms] [LOG] {category: Startup Project, title: Synto, src: /syntopreview.png, content: Object} @ https://www.aaabadcode.com/_next/static/chunks/app/chat/page-825dbf9a0d4d7c3e.js?dpl=dpl_CuwhhXXUgfyiZVnwPvQStgD28tqw:0
[   34632ms] [LOG] currentTool [Object] @ https://www.aaabadcode.com/_next/static/chunks/app/chat/page-825dbf9a0d4d7c3e.js?dpl=dpl_CuwhhXXUgfyiZVnwPvQStgD28tqw:0
[   34633ms] [LOG] {category: Startup Project, title: Synto, src: /syntopreview.png, content: Object} @ https://www.aaabadcode.com/_next/static/chunks/app/chat/page-825dbf9a0d4d7c3e.js?dpl=dpl_CuwhhXXUgfyiZVnwPvQStgD28tqw:0
[   34639ms] [LOG] currentTool [Object] @ https://www.aaabadcode.com/_next/static/chunks/app/chat/page-825dbf9a0d4d7c3e.js?dpl=dpl_CuwhhXXUgfyiZVnwPvQStgD28tqw:0
[   34639ms] [LOG] {category: Startup Project, title: Synto, src: /syntopreview.png, content: Object} @ https://www.aaabadcode.com/_next/static/chunks/app/chat/page-825dbf9a0d4d7c3e.js?dpl=dpl_CuwhhXXUgfyiZVnwPvQStgD28tqw:0
[   34645ms] [LOG] currentTool [Object] @ https://www.aaabadcode.com/_next/static/chunks/app/chat/page-825dbf9a0d4d7c3e.js?dpl=dpl_CuwhhXXUgfyiZVnwPvQStgD28tqw:0
[   34645ms] [LOG] {category: Startup Project, title: Synto, src: /syntopreview.png, content: Object} @ https://www.aaabadcode.com/_next/static/chunks/app/chat/page-825dbf9a0d4d7c3e.js?dpl=dpl_CuwhhXXUgfyiZVnwPvQStgD28tqw:0
[   34654ms] [LOG] currentTool [Object] @ https://www.aaabadcode.com/_next/static/chunks/app/chat/page-825dbf9a0d4d7c3e.js?dpl=dpl_CuwhhXXUgfyiZVnwPvQStgD28tqw:0
[   34654ms] [LOG] {category: Startup Project, title: Synto, src: /syntopreview.png, content: Object} @ https://www.aaabadcode.com/_next/static/chunks/app/chat/page-825dbf9a0d4d7c3e.js?dpl=dpl_CuwhhXXUgfyiZVnwPvQStgD28tqw:0
[   34659ms] [LOG] currentTool [Object] @ https://www.aaabadcode.com/_next/static/chunks/app/chat/page-825dbf9a0d4d7c3e.js?dpl=dpl_CuwhhXXUgfyiZVnwPvQStgD28tqw:0
[   34659ms] [LOG] {category: Startup Project, title: Synto, src: /syntopreview.png, content: Object} @ https://www.aaabadcode.com/_next/static/chunks/app/chat/page-825dbf9a0d4d7c3e.js?dpl=dpl_CuwhhXXUgfyiZVnwPvQStgD28tqw:0
[   34664ms] [LOG] currentTool [Object] @ https://www.aaabadcode.com/_next/static/chunks/app/chat/page-825dbf9a0d4d7c3e.js?dpl=dpl_CuwhhXXUgfyiZVnwPvQStgD28tqw:0
[   34664ms] [LOG] {category: Startup Project, title: Synto, src: /syntopreview.png, content: Object} @ https://www.aaabadcode.com/_next/static/chunks/app/chat/page-825dbf9a0d4d7c3e.js?dpl=dpl_CuwhhXXUgfyiZVnwPvQStgD28tqw:0
[   34677ms] [LOG] currentTool [Object] @ https://www.aaabadcode.com/_next/static/chunks/app/chat/page-825dbf9a0d4d7c3e.js?dpl=dpl_CuwhhXXUgfyiZVnwPvQStgD28tqw:0
[   34677ms] [LOG] {category: Startup Project, title: Synto, src: /syntopreview.png, content: Object} @ https://www.aaabadcode.com/_next/static/chunks/app/chat/page-825dbf9a0d4d7c3e.js?dpl=dpl_CuwhhXXUgfyiZVnwPvQStgD28tqw:0
[   34683ms] [LOG] currentTool [Object] @ https://www.aaabadcode.com/_next/static/chunks/app/chat/page-825dbf9a0d4d7c3e.js?dpl=dpl_CuwhhXXUgfyiZVnwPvQStgD28tqw:0
[   34683ms] [LOG] {category: Startup Project, title: Synto, src: /syntopreview.png, content: Object} @ https://www.aaabadcode.com/_next/static/chunks/app/chat/page-825dbf9a0d4d7c3e.js?dpl=dpl_CuwhhXXUgfyiZVnwPvQStgD28tqw:0
[   34688ms] [LOG] currentTool [Object] @ https://www.aaabadcode.com/_next/static/chunks/app/chat/page-825dbf9a0d4d7c3e.js?dpl=dpl_CuwhhXXUgfyiZVnwPvQStgD28tqw:0
[   34689ms] [LOG] {category: Startup Project, title: Synto, src: /syntopreview.png, content: Object} @ https://www.aaabadcode.com/_next/static/chunks/app/chat/page-825dbf9a0d4d7c3e.js?dpl=dpl_CuwhhXXUgfyiZVnwPvQStgD28tqw:0
[   34692ms] [LOG] currentTool [Object] @ https://www.aaabadcode.com/_next/static/chunks/app/chat/page-825dbf9a0d4d7c3e.js?dpl=dpl_CuwhhXXUgfyiZVnwPvQStgD28tqw:0
[   34692ms] [LOG] {category: Startup Project, title: Synto, src: /syntopreview.png, content: Object} @ https://www.aaabadcode.com/_next/static/chunks/app/chat/page-825dbf9a0d4d7c3e.js?dpl=dpl_CuwhhXXUgfyiZVnwPvQStgD28tqw:0
[   34709ms] [LOG] currentTool [Object] @ https://www.aaabadcode.com/_next/static/chunks/app/chat/page-825dbf9a0d4d7c3e.js?dpl=dpl_CuwhhXXUgfyiZVnwPvQStgD28tqw:0
[   34710ms] [LOG] {category: Startup Project, title: Synto, src: /syntopreview.png, content: Object} @ https://www.aaabadcode.com/_next/static/chunks/app/chat/page-825dbf9a0d4d7c3e.js?dpl=dpl_CuwhhXXUgfyiZVnwPvQStgD28tqw:0
[   34712ms] [LOG] currentTool [Object] @ https://www.aaabadcode.com/_next/static/chunks/app/chat/page-825dbf9a0d4d7c3e.js?dpl=dpl_CuwhhXXUgfyiZVnwPvQStgD28tqw:0
[   34713ms] [LOG] {category: Startup Project, title: Synto, src: /syntopreview.png, content: Object} @ https://www.aaabadcode.com/_next/static/chunks/app/chat/page-825dbf9a0d4d7c3e.js?dpl=dpl_CuwhhXXUgfyiZVnwPvQStgD28tqw:0
[   34716ms] [LOG] currentTool [Object] @ https://www.aaabadcode.com/_next/static/chunks/app/chat/page-825dbf9a0d4d7c3e.js?dpl=dpl_CuwhhXXUgfyiZVnwPvQStgD28tqw:0
[   34716ms] [LOG] {category: Startup Project, title: Synto, src: /syntopreview.png, content: Object} @ https://www.aaabadcode.com/_next/static/chunks/app/chat/page-825dbf9a0d4d7c3e.js?dpl=dpl_CuwhhXXUgfyiZVnwPvQStgD28tqw:0
[   34722ms] [LOG] currentTool [Object] @ https://www.aaabadcode.com/_next/static/chunks/app/chat/page-825dbf9a0d4d7c3e.js?dpl=dpl_CuwhhXXUgfyiZVnwPvQStgD28tqw:0
[   34722ms] [LOG] {category: Startup Project, title: Synto, src: /syntopreview.png, content: Object} @ https://www.aaabadcode.com/_next/static/chunks/app/chat/page-825dbf9a0d4d7c3e.js?dpl=dpl_CuwhhXXUgfyiZVnwPvQStgD28tqw:0
[   34738ms] [LOG] currentTool [Object] @ https://www.aaabadcode.com/_next/static/chunks/app/chat/page-825dbf9a0d4d7c3e.js?dpl=dpl_CuwhhXXUgfyiZVnwPvQStgD28tqw:0
[   34738ms] [LOG] {category: Startup Project, title: Synto, src: /syntopreview.png, content: Object} @ https://www.aaabadcode.com/_next/static/chunks/app/chat/page-825dbf9a0d4d7c3e.js?dpl=dpl_CuwhhXXUgfyiZVnwPvQStgD28tqw:0
[   34742ms] [LOG] currentTool [Object] @ https://www.aaabadcode.com/_next/static/chunks/app/chat/page-825dbf9a0d4d7c3e.js?dpl=dpl_CuwhhXXUgfyiZVnwPvQStgD28tqw:0
[   34742ms] [LOG] {category: Startup Project, title: Synto, src: /syntopreview.png, content: Object} @ https://www.aaabadcode.com/_next/static/chunks/app/chat/page-825dbf9a0d4d7c3e.js?dpl=dpl_CuwhhXXUgfyiZVnwPvQStgD28tqw:0
[   34768ms] [LOG] currentTool [Object] @ https://www.aaabadcode.com/_next/static/chunks/app/chat/page-825dbf9a0d4d7c3e.js?dpl=dpl_CuwhhXXUgfyiZVnwPvQStgD28tqw:0
[   34768ms] [LOG] {category: Startup Project, title: Synto, src: /syntopreview.png, content: Object} @ https://www.aaabadcode.com/_next/static/chunks/app/chat/page-825dbf9a0d4d7c3e.js?dpl=dpl_CuwhhXXUgfyiZVnwPvQStgD28tqw:0
[   34800ms] [LOG] currentTool [Object] @ https://www.aaabadcode.com/_next/static/chunks/app/chat/page-825dbf9a0d4d7c3e.js?dpl=dpl_CuwhhXXUgfyiZVnwPvQStgD28tqw:0
[   34800ms] [LOG] {category: Startup Project, title: Synto, src: /syntopreview.png, content: Object} @ https://www.aaabadcode.com/_next/static/chunks/app/chat/page-825dbf9a0d4d7c3e.js?dpl=dpl_CuwhhXXUgfyiZVnwPvQStgD28tqw:0
[   34805ms] [LOG] currentTool [Object] @ https://www.aaabadcode.com/_next/static/chunks/app/chat/page-825dbf9a0d4d7c3e.js?dpl=dpl_CuwhhXXUgfyiZVnwPvQStgD28tqw:0
[   34805ms] [LOG] {category: Startup Project, title: Synto, src: /syntopreview.png, content: Object} @ https://www.aaabadcode.com/_next/static/chunks/app/chat/page-825dbf9a0d4d7c3e.js?dpl=dpl_CuwhhXXUgfyiZVnwPvQStgD28tqw:0
[   34810ms] [LOG] currentTool [Object] @ https://www.aaabadcode.com/_next/static/chunks/app/chat/page-825dbf9a0d4d7c3e.js?dpl=dpl_CuwhhXXUgfyiZVnwPvQStgD28tqw:0
[   34810ms] [LOG] {category: Startup Project, title: Synto, src: /syntopreview.png, content: Object} @ https://www.aaabadcode.com/_next/static/chunks/app/chat/page-825dbf9a0d4d7c3e.js?dpl=dpl_CuwhhXXUgfyiZVnwPvQStgD28tqw:0
[   34817ms] [LOG] currentTool [Object] @ https://www.aaabadcode.com/_next/static/chunks/app/chat/page-825dbf9a0d4d7c3e.js?dpl=dpl_CuwhhXXUgfyiZVnwPvQStgD28tqw:0
[   34817ms] [LOG] {category: Startup Project, title: Synto, src: /syntopreview.png, content: Object} @ https://www.aaabadcode.com/_next/static/chunks/app/chat/page-825dbf9a0d4d7c3e.js?dpl=dpl_CuwhhXXUgfyiZVnwPvQStgD28tqw:0
[   34830ms] [LOG] currentTool [Object] @ https://www.aaabadcode.com/_next/static/chunks/app/chat/page-825dbf9a0d4d7c3e.js?dpl=dpl_CuwhhXXUgfyiZVnwPvQStgD28tqw:0
[   34830ms] [LOG] {category: Startup Project, title: Synto, src: /syntopreview.png, content: Object} @ https://www.aaabadcode.com/_next/static/chunks/app/chat/page-825dbf9a0d4d7c3e.js?dpl=dpl_CuwhhXXUgfyiZVnwPvQStgD28tqw:0
[   34834ms] [LOG] currentTool [Object] @ https://www.aaabadcode.com/_next/static/chunks/app/chat/page-825dbf9a0d4d7c3e.js?dpl=dpl_CuwhhXXUgfyiZVnwPvQStgD28tqw:0
[   34834ms] [LOG] {category: Startup Project, title: Synto, src: /syntopreview.png, content: Object} @ https://www.aaabadcode.com/_next/static/chunks/app/chat/page-825dbf9a0d4d7c3e.js?dpl=dpl_CuwhhXXUgfyiZVnwPvQStgD28tqw:0
[   34843ms] [LOG] currentTool [Object] @ https://www.aaabadcode.com/_next/static/chunks/app/chat/page-825dbf9a0d4d7c3e.js?dpl=dpl_CuwhhXXUgfyiZVnwPvQStgD28tqw:0
[   34844ms] [LOG] {category: Startup Project, title: Synto, src: /syntopreview.png, content: Object} @ https://www.aaabadcode.com/_next/static/chunks/app/chat/page-825dbf9a0d4d7c3e.js?dpl=dpl_CuwhhXXUgfyiZVnwPvQStgD28tqw:0
[   34858ms] [LOG] currentTool [Object] @ https://www.aaabadcode.com/_next/static/chunks/app/chat/page-825dbf9a0d4d7c3e.js?dpl=dpl_CuwhhXXUgfyiZVnwPvQStgD28tqw:0
[   34858ms] [LOG] {category: Startup Project, title: Synto, src: /syntopreview.png, content: Object} @ https://www.aaabadcode.com/_next/static/chunks/app/chat/page-825dbf9a0d4d7c3e.js?dpl=dpl_CuwhhXXUgfyiZVnwPvQStgD28tqw:0
[   34862ms] [LOG] currentTool [Object] @ https://www.aaabadcode.com/_next/static/chunks/app/chat/page-825dbf9a0d4d7c3e.js?dpl=dpl_CuwhhXXUgfyiZVnwPvQStgD28tqw:0
[   34862ms] [LOG] {category: Startup Project, title: Synto, src: /syntopreview.png, content: Object} @ https://www.aaabadcode.com/_next/static/chunks/app/chat/page-825dbf9a0d4d7c3e.js?dpl=dpl_CuwhhXXUgfyiZVnwPvQStgD28tqw:0
[   34873ms] [LOG] currentTool [Object] @ https://www.aaabadcode.com/_next/static/chunks/app/chat/page-825dbf9a0d4d7c3e.js?dpl=dpl_CuwhhXXUgfyiZVnwPvQStgD28tqw:0
[   34873ms] [LOG] {category: Startup Project, title: Synto, src: /syntopreview.png, content: Object} @ https://www.aaabadcode.com/_next/static/chunks/app/chat/page-825dbf9a0d4d7c3e.js?dpl=dpl_CuwhhXXUgfyiZVnwPvQStgD28tqw:0
[   34878ms] [LOG] currentTool [Object] @ https://www.aaabadcode.com/_next/static/chunks/app/chat/page-825dbf9a0d4d7c3e.js?dpl=dpl_CuwhhXXUgfyiZVnwPvQStgD28tqw:0
[   34879ms] [LOG] {category: Startup Project, title: Synto, src: /syntopreview.png, content: Object} @ https://www.aaabadcode.com/_next/static/chunks/app/chat/page-825dbf9a0d4d7c3e.js?dpl=dpl_CuwhhXXUgfyiZVnwPvQStgD28tqw:0
[   34889ms] [LOG] currentTool [Object] @ https://www.aaabadcode.com/_next/static/chunks/app/chat/page-825dbf9a0d4d7c3e.js?dpl=dpl_CuwhhXXUgfyiZVnwPvQStgD28tqw:0
[   34889ms] [LOG] {category: Startup Project, title: Synto, src: /syntopreview.png, content: Object} @ https://www.aaabadcode.com/_next/static/chunks/app/chat/page-825dbf9a0d4d7c3e.js?dpl=dpl_CuwhhXXUgfyiZVnwPvQStgD28tqw:0
[   34894ms] [LOG] currentTool [Object] @ https://www.aaabadcode.com/_next/static/chunks/app/chat/page-825dbf9a0d4d7c3e.js?dpl=dpl_CuwhhXXUgfyiZVnwPvQStgD28tqw:0
[   34894ms] [LOG] {category: Startup Project, title: Synto, src: /syntopreview.png, content: Object} @ https://www.aaabadcode.com/_next/static/chunks/app/chat/page-825dbf9a0d4d7c3e.js?dpl=dpl_CuwhhXXUgfyiZVnwPvQStgD28tqw:0
[   34906ms] [LOG] currentTool [Object] @ https://www.aaabadcode.com/_next/static/chunks/app/chat/page-825dbf9a0d4d7c3e.js?dpl=dpl_CuwhhXXUgfyiZVnwPvQStgD28tqw:0
[   34906ms] [LOG] {category: Startup Project, title: Synto, src: /syntopreview.png, content: Object} @ https://www.aaabadcode.com/_next/static/chunks/app/chat/page-825dbf9a0d4d7c3e.js?dpl=dpl_CuwhhXXUgfyiZVnwPvQStgD28tqw:0
[   34921ms] [LOG] currentTool [Object] @ https://www.aaabadcode.com/_next/static/chunks/app/chat/page-825dbf9a0d4d7c3e.js?dpl=dpl_CuwhhXXUgfyiZVnwPvQStgD28tqw:0
[   34922ms] [LOG] {category: Startup Project, title: Synto, src: /syntopreview.png, content: Object} @ https://www.aaabadcode.com/_next/static/chunks/app/chat/page-825dbf9a0d4d7c3e.js?dpl=dpl_CuwhhXXUgfyiZVnwPvQStgD28tqw:0
[   34925ms] [LOG] currentTool [Object] @ https://www.aaabadcode.com/_next/static/chunks/app/chat/page-825dbf9a0d4d7c3e.js?dpl=dpl_CuwhhXXUgfyiZVnwPvQStgD28tqw:0
[   34925ms] [LOG] {category: Startup Project, title: Synto, src: /syntopreview.png, content: Object} @ https://www.aaabadcode.com/_next/static/chunks/app/chat/page-825dbf9a0d4d7c3e.js?dpl=dpl_CuwhhXXUgfyiZVnwPvQStgD28tqw:0
[   34933ms] [LOG] currentTool [Object] @ https://www.aaabadcode.com/_next/static/chunks/app/chat/page-825dbf9a0d4d7c3e.js?dpl=dpl_CuwhhXXUgfyiZVnwPvQStgD28tqw:0
[   34933ms] [LOG] {category: Startup Project, title: Synto, src: /syntopreview.png, content: Object} @ https://www.aaabadcode.com/_next/static/chunks/app/chat/page-825dbf9a0d4d7c3e.js?dpl=dpl_CuwhhXXUgfyiZVnwPvQStgD28tqw:0
[   34940ms] [LOG] currentTool [Object] @ https://www.aaabadcode.com/_next/static/chunks/app/chat/page-825dbf9a0d4d7c3e.js?dpl=dpl_CuwhhXXUgfyiZVnwPvQStgD28tqw:0
[   34940ms] [LOG] {category: Startup Project, title: Synto, src: /syntopreview.png, content: Object} @ https://www.aaabadcode.com/_next/static/chunks/app/chat/page-825dbf9a0d4d7c3e.js?dpl=dpl_CuwhhXXUgfyiZVnwPvQStgD28tqw:0
[   34945ms] [LOG] currentTool [Object] @ https://www.aaabadcode.com/_next/static/chunks/app/chat/page-825dbf9a0d4d7c3e.js?dpl=dpl_CuwhhXXUgfyiZVnwPvQStgD28tqw:0
[   34945ms] [LOG] {category: Startup Project, title: Synto, src: /syntopreview.png, content: Object} @ https://www.aaabadcode.com/_next/static/chunks/app/chat/page-825dbf9a0d4d7c3e.js?dpl=dpl_CuwhhXXUgfyiZVnwPvQStgD28tqw:0
[   35000ms] [LOG] currentTool [Object] @ https://www.aaabadcode.com/_next/static/chunks/app/chat/page-825dbf9a0d4d7c3e.js?dpl=dpl_CuwhhXXUgfyiZVnwPvQStgD28tqw:0
[   35000ms] [LOG] {category: Startup Project, title: Synto, src: /syntopreview.png, content: Object} @ https://www.aaabadcode.com/_next/static/chunks/app/chat/page-825dbf9a0d4d7c3e.js?dpl=dpl_CuwhhXXUgfyiZVnwPvQStgD28tqw:0
[   35004ms] [LOG] currentTool [Object] @ https://www.aaabadcode.com/_next/static/chunks/app/chat/page-825dbf9a0d4d7c3e.js?dpl=dpl_CuwhhXXUgfyiZVnwPvQStgD28tqw:0
[   35004ms] [LOG] {category: Startup Project, title: Synto, src: /syntopreview.png, content: Object} @ https://www.aaabadcode.com/_next/static/chunks/app/chat/page-825dbf9a0d4d7c3e.js?dpl=dpl_CuwhhXXUgfyiZVnwPvQStgD28tqw:0
[   35011ms] [LOG] currentTool [Object] @ https://www.aaabadcode.com/_next/static/chunks/app/chat/page-825dbf9a0d4d7c3e.js?dpl=dpl_CuwhhXXUgfyiZVnwPvQStgD28tqw:0
[   35011ms] [LOG] {category: Startup Project, title: Synto, src: /syntopreview.png, content: Object} @ https://www.aaabadcode.com/_next/static/chunks/app/chat/page-825dbf9a0d4d7c3e.js?dpl=dpl_CuwhhXXUgfyiZVnwPvQStgD28tqw:0
[   35017ms] [LOG] currentTool [Object] @ https://www.aaabadcode.com/_next/static/chunks/app/chat/page-825dbf9a0d4d7c3e.js?dpl=dpl_CuwhhXXUgfyiZVnwPvQStgD28tqw:0
[   35018ms] [LOG] {category: Startup Project, title: Synto, src: /syntopreview.png, content: Object} @ https://www.aaabadcode.com/_next/static/chunks/app/chat/page-825dbf9a0d4d7c3e.js?dpl=dpl_CuwhhXXUgfyiZVnwPvQStgD28tqw:0
[   35022ms] [LOG] currentTool [Object] @ https://www.aaabadcode.com/_next/static/chunks/app/chat/page-825dbf9a0d4d7c3e.js?dpl=dpl_CuwhhXXUgfyiZVnwPvQStgD28tqw:0
[   35022ms] [LOG] {category: Startup Project, title: Synto, src: /syntopreview.png, content: Object} @ https://www.aaabadcode.com/_next/static/chunks/app/chat/page-825dbf9a0d4d7c3e.js?dpl=dpl_CuwhhXXUgfyiZVnwPvQStgD28tqw:0
[   35030ms] [LOG] currentTool [Object] @ https://www.aaabadcode.com/_next/static/chunks/app/chat/page-825dbf9a0d4d7c3e.js?dpl=dpl_CuwhhXXUgfyiZVnwPvQStgD28tqw:0
[   35031ms] [LOG] {category: Startup Project, title: Synto, src: /syntopreview.png, content: Object} @ https://www.aaabadcode.com/_next/static/chunks/app/chat/page-825dbf9a0d4d7c3e.js?dpl=dpl_CuwhhXXUgfyiZVnwPvQStgD28tqw:0
[   35034ms] [LOG] currentTool [Object] @ https://www.aaabadcode.com/_next/static/chunks/app/chat/page-825dbf9a0d4d7c3e.js?dpl=dpl_CuwhhXXUgfyiZVnwPvQStgD28tqw:0
[   35035ms] [LOG] {category: Startup Project, title: Synto, src: /syntopreview.png, content: Object} @ https://www.aaabadcode.com/_next/static/chunks/app/chat/page-825dbf9a0d4d7c3e.js?dpl=dpl_CuwhhXXUgfyiZVnwPvQStgD28tqw:0
[   35039ms] [LOG] currentTool [Object] @ https://www.aaabadcode.com/_next/static/chunks/app/chat/page-825dbf9a0d4d7c3e.js?dpl=dpl_CuwhhXXUgfyiZVnwPvQStgD28tqw:0
[   35039ms] [LOG] {category: Startup Project, title: Synto, src: /syntopreview.png, content: Object} @ https://www.aaabadcode.com/_next/static/chunks/app/chat/page-825dbf9a0d4d7c3e.js?dpl=dpl_CuwhhXXUgfyiZVnwPvQStgD28tqw:0
[   35045ms] [LOG] currentTool [Object] @ https://www.aaabadcode.com/_next/static/chunks/app/chat/page-825dbf9a0d4d7c3e.js?dpl=dpl_CuwhhXXUgfyiZVnwPvQStgD28tqw:0
[   35046ms] [LOG] {category: Startup Project, title: Synto, src: /syntopreview.png, content: Object} @ https://www.aaabadcode.com/_next/static/chunks/app/chat/page-825dbf9a0d4d7c3e.js?dpl=dpl_CuwhhXXUgfyiZVnwPvQStgD28tqw:0
[   35061ms] [LOG] currentTool [Object] @ https://www.aaabadcode.com/_next/static/chunks/app/chat/page-825dbf9a0d4d7c3e.js?dpl=dpl_CuwhhXXUgfyiZVnwPvQStgD28tqw:0
[   35062ms] [LOG] {category: Startup Project, title: Synto, src: /syntopreview.png, content: Object} @ https://www.aaabadcode.com/_next/static/chunks/app/chat/page-825dbf9a0d4d7c3e.js?dpl=dpl_CuwhhXXUgfyiZVnwPvQStgD28tqw:0
[   35093ms] [LOG] currentTool [Object] @ https://www.aaabadcode.com/_next/static/chunks/app/chat/page-825dbf9a0d4d7c3e.js?dpl=dpl_CuwhhXXUgfyiZVnwPvQStgD28tqw:0
[   35093ms] [LOG] {category: Startup Project, title: Synto, src: /syntopreview.png, content: Object} @ https://www.aaabadcode.com/_next/static/chunks/app/chat/page-825dbf9a0d4d7c3e.js?dpl=dpl_CuwhhXXUgfyiZVnwPvQStgD28tqw:0
[   35098ms] [LOG] currentTool [Object] @ https://www.aaabadcode.com/_next/static/chunks/app/chat/page-825dbf9a0d4d7c3e.js?dpl=dpl_CuwhhXXUgfyiZVnwPvQStgD28tqw:0
[   35099ms] [LOG] {category: Startup Project, title: Synto, src: /syntopreview.png, content: Object} @ https://www.aaabadcode.com/_next/static/chunks/app/chat/page-825dbf9a0d4d7c3e.js?dpl=dpl_CuwhhXXUgfyiZVnwPvQStgD28tqw:0
[   35103ms] [LOG] currentTool [Object] @ https://www.aaabadcode.com/_next/static/chunks/app/chat/page-825dbf9a0d4d7c3e.js?dpl=dpl_CuwhhXXUgfyiZVnwPvQStgD28tqw:0
[   35103ms] [LOG] {category: Startup Project, title: Synto, src: /syntopreview.png, content: Object} @ https://www.aaabadcode.com/_next/static/chunks/app/chat/page-825dbf9a0d4d7c3e.js?dpl=dpl_CuwhhXXUgfyiZVnwPvQStgD28tqw:0
[   35107ms] [LOG] currentTool [Object] @ https://www.aaabadcode.com/_next/static/chunks/app/chat/page-825dbf9a0d4d7c3e.js?dpl=dpl_CuwhhXXUgfyiZVnwPvQStgD28tqw:0
[   35107ms] [LOG] {category: Startup Project, title: Synto, src: /syntopreview.png, content: Object} @ https://www.aaabadcode.com/_next/static/chunks/app/chat/page-825dbf9a0d4d7c3e.js?dpl=dpl_CuwhhXXUgfyiZVnwPvQStgD28tqw:0
[   35112ms] [LOG] currentTool [Object] @ https://www.aaabadcode.com/_next/static/chunks/app/chat/page-825dbf9a0d4d7c3e.js?dpl=dpl_CuwhhXXUgfyiZVnwPvQStgD28tqw:0
[   35112ms] [LOG] {category: Startup Project, title: Synto, src: /syntopreview.png, content: Object} @ https://www.aaabadcode.com/_next/static/chunks/app/chat/page-825dbf9a0d4d7c3e.js?dpl=dpl_CuwhhXXUgfyiZVnwPvQStgD28tqw:0
[   35124ms] [LOG] currentTool [Object] @ https://www.aaabadcode.com/_next/static/chunks/app/chat/page-825dbf9a0d4d7c3e.js?dpl=dpl_CuwhhXXUgfyiZVnwPvQStgD28tqw:0
[   35124ms] [LOG] {category: Startup Project, title: Synto, src: /syntopreview.png, content: Object} @ https://www.aaabadcode.com/_next/static/chunks/app/chat/page-825dbf9a0d4d7c3e.js?dpl=dpl_CuwhhXXUgfyiZVnwPvQStgD28tqw:0
[   35148ms] [LOG] currentTool [Object] @ https://www.aaabadcode.com/_next/static/chunks/app/chat/page-825dbf9a0d4d7c3e.js?dpl=dpl_CuwhhXXUgfyiZVnwPvQStgD28tqw:0
[   35148ms] [LOG] {category: Startup Project, title: Synto, src: /syntopreview.png, content: Object} @ https://www.aaabadcode.com/_next/static/chunks/app/chat/page-825dbf9a0d4d7c3e.js?dpl=dpl_CuwhhXXUgfyiZVnwPvQStgD28tqw:0
[   35154ms] [LOG] currentTool [Object] @ https://www.aaabadcode.com/_next/static/chunks/app/chat/page-825dbf9a0d4d7c3e.js?dpl=dpl_CuwhhXXUgfyiZVnwPvQStgD28tqw:0
[   35154ms] [LOG] {category: Startup Project, title: Synto, src: /syntopreview.png, content: Object} @ https://www.aaabadcode.com/_next/static/chunks/app/chat/page-825dbf9a0d4d7c3e.js?dpl=dpl_CuwhhXXUgfyiZVnwPvQStgD28tqw:0
